0 verbose cli /Users/aniketjha/.nvm/versions/node/v20.19.0/bin/node /Users/aniketjha/.nvm/versions/node/v20.19.0/bin/npm
1 info using npm@11.9.0
2 info using node@v20.19.0
3 silly config load:file:/Users/aniketjha/.nvm/versions/node/v20.19.0/lib/node_modules/npm/npmrc
4 silly config load:file:/Users/aniketjha/Desktop/work/clients/zoom-api-wrapper/.npmrc
5 silly config load:file:/Users/aniketjha/.npmrc
6 silly config load:file:/Users/aniketjha/.nvm/versions/node/v20.19.0/etc/npmrc
7 verbose title npm ls @scarf/scarf
8 verbose argv "ls" "@scarf/scarf" "--json" "--long"
9 verbose logfile logs-max:10 dir:/Users/aniketjha/Desktop/work/clients/zoom-api-wrapper/.npm-cache/_logs/2026-02-16T18_11_18_532Z-
10 verbose logfile /Users/aniketjha/Desktop/work/clients/zoom-api-wrapper/.npm-cache/_logs/2026-02-16T18_11_18_532Z-debug-0.log
11 silly logfile done cleaning log files
12 silly packumentCache heap:2197815296 maxSize:549453824 maxEntrySize:274726912
13 verbose shrinkwrap failed to load node_modules/.package-lock.json out of date, updated: node_modules
14 verbose cwd /Users/aniketjha/Desktop/work/clients/zoom-api-wrapper
15 verbose os Darwin 25.2.0
16 verbose node v20.19.0
17 verbose npm  v11.9.0
18 verbose exit 0
19 info ok
